[srinivasan.design/index.html]
[backblue.gif]
[fade.gif]
[index.html]
[srinivasan.design/images/Appicons/iOS/120.png]
[srinivasan.design/images/Appicons/iOS/152.png]
[srinivasan.design/images/Appicons/iOS/167.png]
[srinivasan.design/images/Appicons/iOS/180.png]
[srinivasan.design/images/Appicons/android/192.png]
[srinivasan.design/images/Appicons/android/128.png]
[srinivasan.design/images/favi.6.delayed]
[srinivasan.design/style.css]
[srinivasan.design/images/richpreview.jpg]
[srinivasan.design/about.html]
[srinivasan.design/Resume_Srinivasan.pdf]
[srinivasan.design/Google.html]
[srinivasan.design/images/Google1.png]
[srinivasan.design/Zoho Sheet.html]
[srinivasan.design/images/Sheet.png]
[srinivasan.design/Holachef.html]
[srinivasan.design/images/Holachef.jpg]
[srinivasan.design/zeta.html]
[srinivasan.design/images/zeta.jpg]
[srinivasan.design/Accu drive.html]
[srinivasan.design/images/Accudrive.png]
[srinivasan.design/Experiment.html]
[srinivasan.design/images/Experiment.jpg]
[code.jquery.com/jquery-3.2.1.min.js]
[rawgit.com/michalsnik/aos/master/dist/aos.js]
[srinivasan.design/index.html]
[srinivasan.design/images/favi.html]
[srinivasan.design/fonts/CircularStd.ttf]
[srinivasan.design/fonts/CircularStd-Book.otf]
[srinivasan.design/style.css]
[srinivasan.design/favi.1b.delayed]
[srinivasan.design/style-3.css]
[srinivasan.design/index-2.html]
[srinivasan.design/images/My pic 2.png]
[srinivasan.design/about.html]
[srinivasan.design/style-2.css]
[srinivasan.design/About.20.delayed]
[srinivasan.design/images/Google.png]
[srinivasan.design/images/process.png]
[srinivasan.design/Google.html]
[srinivasan.design/jquery.js]
[srinivasan.design/jquery.cycle2.js]
[srinivasan.design/images/case2/head.png]
[srinivasan.design/images/case2/MVP.png]
[srinivasan.design/images/case2/Process.png]
[srinivasan.design/images/case2/mobileusers.png]
[srinivasan.design/images/case2/features.png]
[srinivasan.design/images/case2/Detailed.png]
[srinivasan.design/images/case2/User Flow.png]
[srinivasan.design/images/case2/User Flow 2.png]
[srinivasan.design/images/case2/wire.png]
[srinivasan.design/images/case2/lo-fi.png]
[srinivasan.design/images/case2/style.png]
[srinivasan.design/images/case2/DesignSys1.png]
[srinivasan.design/images/case2/View.png]
[srinivasan.design/images/case2/Format.png]
[srinivasan.design/images/case2/Share.png]
[srinivasan.design/images/case2/Formula.png]
[srinivasan.design/{{src}}.35.delayed]
[srinivasan.design/images/case2/slider1.png]
[srinivasan.design/images/case2/slider3.png]
[srinivasan.design/images/case2/slider5.png]
[srinivasan.design/images/case2/slider2.png]
[srinivasan.design/images/case2/slider4.png]
[srinivasan.design/images/case2/slider6.png]
[srinivasan.design/images/case2/aslide1.png]
[srinivasan.design/images/case2/aslide2.png]
[srinivasan.design/images/case2/aslide3.png]
[srinivasan.design/images/case2/aslide4.png]
[srinivasan.design/images/case2/aslide5.png]
[srinivasan.design/images/case2/Test.gif]
[srinivasan.design/images/case2/Keyboards.png]
[srinivasan.design/images/case2/Fxiteration.png]
[srinivasan.design/images/case2/Fx.gif]
[srinivasan.design/images/case2/customiteration.png]
[srinivasan.design/images/case2/Custom Keypad.png]
[srinivasan.design/images/case2/bar.png]
[srinivasan.design/images/case2/iMESSAGE.png]
[srinivasan.design/images/case2/3d touch.png]
[srinivasan.design/images/case2/Splitview.png]
[srinivasan.design/images/case2/Android1.png]
[srinivasan.design/images/case2/Android2.png]
[srinivasan.design/images/case2/impact.png]
[srinivasan.design/images/case2/Zohoone.png]
[srinivasan.design/images/case2/Version 2.png]
[srinivasan.design/images/comment.mp4]
[srinivasan.design/images/ocr.mp4]
[srinivasan.design/Zoho Sheet.html]
[srinivasan.design/Resume_srinivasan.52.delayed]
[srinivasan.design/images/case4/Holachefcover.png]
[srinivasan.design/images/case4/ecosystem.png]
[srinivasan.design/images/case4/Brainstorm.jpg]
[srinivasan.design/images/case4/Website-Initial.png]
[srinivasan.design/images/case4/Website.png]
[srinivasan.design/images/case4/app.png]
[srinivasan.design/images/case4/chefreq.png]
[srinivasan.design/images/case4/Chefapp.png]
[srinivasan.design/images/case4/Chef Profile.png]
[srinivasan.design/images/case4/Holiday.png]
[srinivasan.design/images/case4/Runnerscard.png]
[srinivasan.design/images/case4/tasks.png]
[srinivasan.design/images/case4/past.png]
[srinivasan.design/Holachef.html]
[srinivasan.design/images/case 5/zetacover.png]
[srinivasan.design/images/case 5/salary.png]
[srinivasan.design/images/case 5/health.png]
[srinivasan.design/images/case 5/lta.png]
